// Jest Snapshot v1, https://goo.gl/fbAQLP

exports[`Header renders correctly 1`] = `
<div>
  <header
    className="p-4 bg-transparent fixed"
  >
    <div
      className="text-xl font-audiowide tracking-wider"
    >
      <div
        className="logo-comi inline-block p-3 pl-6 pr-1 text-white dark:text-stone-900 bg-stone-900 dark:bg-white border-4 border-r-0 border-stone-900 dark:border-white"
      >
        Comi
      </div>
      <div
        className="quotes inline-block p-3 pl-1 pr-6 bg-white dark:bg-red-900 text-red-900 dark:text-white border-4 border-l-0 border-red-900 "
      >
        Quotes
      </div>
    </div>
  </header>
  <main
    className="container-xl px-24 h-screen flex justify-items-center items-center"
  >
    <title>
      ComiQuotes
    </title>
    <div
      className="flex-1"
    >
      <h1
        className="text-5xl text-center font-audiowide"
      >
        <span
          className="text-red-900"
        >
          Comi
        </span>
        Quotes
      </h1>
    </div>
  </main>
</div>
`;
